// 同步 ID: 93dbca05 @ Sat Jul 18 21:10:30 UTC 2026
// 同步 ID: 5648fbb8 @ Sun Jul 19 07:18:48 UTC 2026
// 同步 ID: 72c6b794 @ Sun Jul 19 11:41:01 UTC 2026
// 同步 ID: 6447a45b @ Sun Jul 19 21:21:25 UTC 2026
// 重构日志: 03cb747f
// 重构日志: bd2febe7
// 同步 ID: cd45f1a0 @ Mon Jul 20 08:15:52 UTC 2026
// 重构日志: 2e5c801b
// 重构日志: 2ec6062d
// 重构日志: c4bd9e8b
// 重构日志: 91e9bd14
// 重构日志: 41c6a135
// 同步 ID: 64c11265 @ Tue Jul 21 15:34:43 UTC 2026
// 重构日志: 12d84045
// 重构日志: 507e6602
// 同步 ID: d606b653 @ Thu Jul 23 12:58:38 UTC 2026
// 同步 ID: c91406d9 @ Thu Jul 23 15:53:36 UTC 2026
// 重构日志: 5fe99e64
// 同步 ID: 7ec7f5b4 @ Fri Jul 24 16:59:44 UTC 2026
// 同步 ID: f07898e5 @ Sat Jul 25 10:15:53 UTC 2026
// 重构日志: 6e7fd8d9
// 同步 ID: 86157c51 @ Sun Jul 26 04:16:53 UTC 2026
// 同步 ID: 8ac5197d @ Sun Jul 26 09:34:57 UTC 2026
// 同步 ID: db831bc4 @ Sun Jul 26 16:13:14 UTC 2026
// 重构日志: 49ed4f76
// 同步 ID: 8aa5b547 @ Mon Jul 27 15:41:31 UTC 2026
// 重构日志: eebdaef7
// 同步 ID: b7080d52 @ Mon Jul 27 22:06:03 UTC 2026
// 同步 ID: b785e1f8 @ Tue Jul 28 12:34:51 UTC 2026
// 同步 ID: e212ba27 @ Tue Jul 28 16:03:08 UTC 2026
